<html>
<body>
<pre>
<h1>µVision Build Log</h1>
<h2>Project:</h2>
C:\Users\Victor\OneDrive\EE_319K\SVN\students\tk8435_vg7893\Lab10\SpaceInvaders.uvproj
Project File Date:  11/26/2015

<h2>Output:</h2>
Build target 'SpaceInvaders'
compiling SpaceInvaders.c...
linking...
Program Size: Code=5352 RO-data=47536 RW-data=196 ZI-data=1780  
".\SpaceInvaders.axf" - 0 Error(s), 0 Warning(s).
</pre>
</body>
</html>
ous syntax error
SpaceInvaders.c: 1 warning, 1 error
".\SpaceInvaders.axf" - 1 Error(s), 1 Warning(s).
Target not created
